16:27:10 **** Incremental Build of configuration Debug for project HW4 ****
make pre-build main-build 
a9-linaro-pre-build-step
' '
'Building file: ../src/main.c'
'Invoking: ARM v7 gcc compiler'
arm-none-eabi-gcc -Wall -O0 -g3 -c -fmessage-length=0 -MT"src/main.o" -mcpu=cortex-a9 -mfpu=vfpv3 -mfloat-abi=hard -I../../HW4_bsp/ps7_cortexa9_0/include -MMD -MP -MF"src/main.d" -MT"src/main.o" -o "src/main.o" "../src/main.c"
'Finished building: ../src/main.c'
' '
'Building target: HW4.elf'
'Invoking: ARM v7 gcc linker'
arm-none-eabi-gcc -mcpu=cortex-a9 -mfpu=vfpv3 -mfloat-abi=hard -Wl,-build-id=none -specs=Xilinx.spec -Wl,-T -Wl,../src/lscript.ld -L../../HW4_bsp/ps7_cortexa9_0/lib -o "HW4.elf"  ./src/main.o   -Wl,--start-group,-lxil,-lgcc,-lc,--end-group
'Finished building target: HW4.elf'
' '
'Invoking: ARM v7 Print Size'
arm-none-eabi-size HW4.elf  |tee "HW4.elf.size"
   text	   data	    bss	    dec	    hex	filename
 123752	   2576	  23328	 149656	  24898	HW4.elf
'Finished building: HW4.elf.size'
' '

16:27:10 Build Finished (took 939ms)

